// Jest Snapshot v1, https://goo.gl/fbAQLP

exports[`Signup Component renders as expected 1`] = `
<TouchableWithoutFeedback
  onPress={[Function]}
>
  <View
    style={
      Array [
        undefined,
        Object {
          "height": 1314,
        },
      ]
    }
  >
    <View>
      <View
        style={
          Array [
            undefined,
            Object {
              "flex": 1,
            },
          ]
        }
      >
        <View>
          <Image
            source={1}
            style={
              Array [
                undefined,
                Object {
                  "height": 220,
                },
              ]
            }
          />
        </View>
        <View>
          <TouchableOpacity
            activeOpacity={0.2}
            focusedOpacity={0.7}
            onPress={[Function]}
          >
            <BodyText
              style={Object {}}
            >
              Log In
            </BodyText>
          </TouchableOpacity>
          <TouchableOpacity
            activeOpacity={0.2}
            focusedOpacity={0.7}
            style={
              Array [
                undefined,
                undefined,
              ]
            }
          >
            <BodyText
              style={Object {}}
            >
              Sign Up
            </BodyText>
          </TouchableOpacity>
        </View>
      </View>
      <View>
        <View>
          <View>
            <Button
              fbBtn={true}
              onPress={[Function]}
              style={Object {}}
              text="SIGN UP WITH FACEBOOK"
              textStyle={Object {}}
            />
            <View>
              <View />
              <Text
                accessible={true}
                allowFontScaling={true}
                ellipsizeMode="tail"
              >
                OR
              </Text>
              <View />
            </View>
          </View>
          <View>
            <Input
              autoCapitalize="none"
              autoCorrect={false}
              handleRef={[Function]}
              iconFont="MaterialIcon"
              iconLeftName="email"
              iconStyle={
                Object {
                  "color": "#9E9E9E",
                }
              }
              keyboardType="email-address"
              onChangeText={[Function]}
              onSubmitEditing={[Function]}
              placeholder="Email"
              returnKeyType="next"
              style={
                Object {
                  "color": "#231F20",
                }
              }
              value=""
            />
          </View>
          <View>
            <Input
              autoCapitalize="none"
              autoCorrect={false}
              handleRef={[Function]}
              iconFont="MaterialIcon"
              iconLeftName="lock"
              iconStyle={
                Object {
                  "color": "#9E9E9E",
                }
              }
              keyboardType="default"
              onChangeText={[Function]}
              placeholder="Password"
              secureTextEntry={true}
              style={
                Object {
                  "color": "#231F20",
                }
              }
              value=""
            />
          </View>
          <View>
            <Checkbox
              checked={false}
              iconColor="white"
              iconSize={36}
              onCheckedChange={[Function]}
            />
            <View>
              <SecondaryText
                style={Object {}}
              >
                I agree to the 
              </SecondaryText>
              <TouchableOpacity
                activeOpacity={0.4}
                focusedOpacity={0.7}
                onPress={[Function]}
              >
                <SecondaryText
                  style={Object {}}
                >
                  Terms of Service
                </SecondaryText>
              </TouchableOpacity>
              <SecondaryText
                style={Object {}}
              >
                 and 
              </SecondaryText>
              <TouchableOpacity
                activeOpacity={0.4}
                focusedOpacity={0.7}
                onPress={[Function]}
              >
                <SecondaryText
                  style={Object {}}
                >
                  Privacy Policy
                </SecondaryText>
              </TouchableOpacity>
            </View>
          </View>
        </View>
        <View>
          <Button
            disabled={true}
            onPress={[Function]}
            primary={true}
            style={Object {}}
            text="SIGN UP"
            textStyle={Object {}}
          />
        </View>
      </View>
    </View>
  </View>
</TouchableWithoutFeedback>
`;
